###############################################################################
#
# IAR ELF Linker V8.20.1.14183/W32 for ARM                29/Nov/2017  10:02:57
# Copyright 2007-2017 IAR Systems AB.
#
#    Output file  =  
#        E:\Users\17657\Documents\GitHub\DoorCtrl\DoorOpenClose\EWARM\DoorOpenClose\Exe\DoorOpenClose.out
#    Map file     =  
#        E:\Users\17657\Documents\GitHub\DoorCtrl\DoorOpenClose\EWARM\DoorOpenClose\List\DoorOpenClose.map
#    Command line =  
#        -f C:\Users\17657\AppData\Local\Temp\EW4540.tmp
#        (E:\Users\17657\Documents\GitHub\DoorCtrl\DoorOpenClose\EWARM\DoorOpenClose\Obj\adc.o
#        E:\Users\17657\Documents\GitHub\DoorCtrl\DoorOpenClose\EWARM\DoorOpenClose\Obj\dma.o
#        E:\Users\17657\Documents\GitHub\DoorCtrl\DoorOpenClose\EWARM\DoorOpenClose\Obj\gpio.o
#        E:\Users\17657\Documents\GitHub\DoorCtrl\DoorOpenClose\EWARM\DoorOpenClose\Obj\main.o
#        E:\Users\17657\Documents\GitHub\DoorCtrl\DoorOpenClose\EWARM\DoorOpenClose\Obj\startup_stm32f103xe.o
#        E:\Users\17657\Documents\GitHub\DoorCtrl\DoorOpenClose\EWARM\DoorOpenClose\Obj\stm32f1xx_hal.o
#        E:\Users\17657\Documents\GitHub\DoorCtrl\DoorOpenClose\EWARM\DoorOpenClose\Obj\stm32f1xx_hal_adc.o
#        E:\Users\17657\Documents\GitHub\DoorCtrl\DoorOpenClose\EWARM\DoorOpenClose\Obj\stm32f1xx_hal_adc_ex.o
#        E:\Users\17657\Documents\GitHub\DoorCtrl\DoorOpenClose\EWARM\DoorOpenClose\Obj\stm32f1xx_hal_cortex.o
#        E:\Users\17657\Documents\GitHub\DoorCtrl\DoorOpenClose\EWARM\DoorOpenClose\Obj\stm32f1xx_hal_dma.o
#        E:\Users\17657\Documents\GitHub\DoorCtrl\DoorOpenClose\EWARM\DoorOpenClose\Obj\stm32f1xx_hal_flash.o
#        E:\Users\17657\Documents\GitHub\DoorCtrl\DoorOpenClose\EWARM\DoorOpenClose\Obj\stm32f1xx_hal_flash_ex.o
#        E:\Users\17657\Documents\GitHub\DoorCtrl\DoorOpenClose\EWARM\DoorOpenClose\Obj\stm32f1xx_hal_gpio.o
#        E:\Users\17657\Documents\GitHub\DoorCtrl\DoorOpenClose\EWARM\DoorOpenClose\Obj\stm32f1xx_hal_gpio_ex.o
#        E:\Users\17657\Documents\GitHub\DoorCtrl\DoorOpenClose\EWARM\DoorOpenClose\Obj\stm32f1xx_hal_msp.o
#        E:\Users\17657\Documents\GitHub\DoorCtrl\DoorOpenClose\EWARM\DoorOpenClose\Obj\stm32f1xx_hal_pcd.o
#        E:\Users\17657\Documents\GitHub\DoorCtrl\DoorOpenClose\EWARM\DoorOpenClose\Obj\stm32f1xx_hal_pcd_ex.o
#        E:\Users\17657\Documents\GitHub\DoorCtrl\DoorOpenClose\EWARM\DoorOpenClose\Obj\stm32f1xx_hal_pwr.o
#        E:\Users\17657\Documents\GitHub\DoorCtrl\DoorOpenClose\EWARM\DoorOpenClose\Obj\stm32f1xx_hal_rcc.o
#        E:\Users\17657\Documents\GitHub\DoorCtrl\DoorOpenClose\EWARM\DoorOpenClose\Obj\stm32f1xx_hal_rcc_ex.o
#        E:\Users\17657\Documents\GitHub\DoorCtrl\DoorOpenClose\EWARM\DoorOpenClose\Obj\stm32f1xx_hal_tim.o
#        E:\Users\17657\Documents\GitHub\DoorCtrl\DoorOpenClose\EWARM\DoorOpenClose\Obj\stm32f1xx_hal_tim_ex.o
#        E:\Users\17657\Documents\GitHub\DoorCtrl\DoorOpenClose\EWARM\DoorOpenClose\Obj\stm32f1xx_hal_uart.o
#        E:\Users\17657\Documents\GitHub\DoorCtrl\DoorOpenClose\EWARM\DoorOpenClose\Obj\stm32f1xx_it.o
#        E:\Users\17657\Documents\GitHub\DoorCtrl\DoorOpenClose\EWARM\DoorOpenClose\Obj\stm32f1xx_ll_usb.o
#        E:\Users\17657\Documents\GitHub\DoorCtrl\DoorOpenClose\EWARM\DoorOpenClose\Obj\system_stm32f1xx.o
#        E:\Users\17657\Documents\GitHub\DoorCtrl\DoorOpenClose\EWARM\DoorOpenClose\Obj\tim.o
#        E:\Users\17657\Documents\GitHub\DoorCtrl\DoorOpenClose\EWARM\DoorOpenClose\Obj\usart.o
#        E:\Users\17657\Documents\GitHub\DoorCtrl\DoorOpenClose\EWARM\DoorOpenClose\Obj\usb_device.o
#        E:\Users\17657\Documents\GitHub\DoorCtrl\DoorOpenClose\EWARM\DoorOpenClose\Obj\usbd_cdc.o
#        E:\Users\17657\Documents\GitHub\DoorCtrl\DoorOpenClose\EWARM\DoorOpenClose\Obj\usbd_cdc_if.o
#        E:\Users\17657\Documents\GitHub\DoorCtrl\DoorOpenClose\EWARM\DoorOpenClose\Obj\usbd_conf.o
#        E:\Users\17657\Documents\GitHub\DoorCtrl\DoorOpenClose\EWARM\DoorOpenClose\Obj\usbd_core.o
#        E:\Users\17657\Documents\GitHub\DoorCtrl\DoorOpenClose\EWARM\DoorOpenClose\Obj\usbd_ctlreq.o
#        E:\Users\17657\Documents\GitHub\DoorCtrl\DoorOpenClose\EWARM\DoorOpenClose\Obj\usbd_desc.o
#        E:\Users\17657\Documents\GitHub\DoorCtrl\DoorOpenClose\EWARM\DoorOpenClose\Obj\usbd_ioreq.o
#        --redirect _Printf=_PrintfFull --redirect _Scanf=_ScanfFull -o
#        E:\Users\17657\Documents\GitHub\DoorCtrl\DoorOpenClose\EWARM\DoorOpenClose\Exe\DoorOpenClose.out
#        --map
#        E:\Users\17657\Documents\GitHub\DoorCtrl\DoorOpenClose\EWARM\DoorOpenClose\List\DoorOpenClose.map
#        --config
#        E:\Users\17657\Documents\GitHub\DoorCtrl\DoorOpenClose\EWARM/stm32f103xe_flash.icf
#        --semihosting --entry __iar_program_start --vfe --text_out locale)
#
###############################################################################

*******************************************************************************
*** RUNTIME MODEL ATTRIBUTES
***

CppFlavor       = *
__SystemLibrary = DLib
__dlib_version  = 6


*******************************************************************************
*** HEAP SELECTION
***

The basic heap was selected because no calls to memory allocation
functions were found in the application outside of system library
functions, and there are calls to deallocation functions in the
application.


*******************************************************************************
*** PLACEMENT SUMMARY
***

"A0":  place at 0x08000000 { ro section .intvec };
"P1":  place in [from 0x08000000 to 0x0807ffff] { ro };
define block CSTACK with size = 1K, alignment = 8 { };
define block HEAP with size = 512, alignment = 8 { };
"P2":  place in [from 0x20000000 to 0x2000ffff] {
          rw, block CSTACK, block HEAP };
initialize by copy { rw };

  Section            Kind        Address    Size  Object
  -------            ----        -------    ----  ------
"A0":                                      0x130
  .intvec            ro code  0x08000000   0x130  startup_stm32f103xe.o [1]
                            - 0x08000130   0x130

"P1":                                     0x3bf5
  .text              ro code  0x08000130   0x6b2  stm32f1xx_hal_pcd.o [1]
  .text              ro code  0x080007e2    0x7a  lz77_init_single.o [4]
  .text              ro code  0x0800085c   0x278  usbd_conf.o [1]
  .text              ro code  0x08000ad4   0x622  stm32f1xx_ll_usb.o [1]
  .text              ro code  0x080010f8    0x86  ABImemcpy.o [4]
  .text              ro code  0x0800117e   0x228  usbd_core.o [1]
  .text              ro code  0x080013a8   0x1d6  main.o [1]
  .text              ro code  0x0800157e    0x30  stm32f1xx_hal_pcd_ex.o [1]
  .text              ro code  0x080015b0   0x3aa  usbd_ctlreq.o [1]
  .text              ro code  0x0800195a    0x60  usbd_ioreq.o [1]
  .text              ro code  0x080019bc    0x24  stm32f1xx_hal.o [1]
  .text              ro code  0x080019e0   0x158  gpio.o [1]
  .text              ro code  0x08001b38    0x20  dma.o [1]
  .text              ro code  0x08001b58    0xd8  tim.o [1]
  .text              ro code  0x08001c30   0x154  usart.o [1]
  .text              ro code  0x08001d84   0x14c  adc.o [1]
  .text              ro code  0x08001ed0    0x38  usb_device.o [1]
  .text              ro code  0x08001f08    0xe6  stm32f1xx_hal_cortex.o [1]
  .text              ro code  0x08001ff0   0x36c  stm32f1xx_hal_tim.o [1]
  .text              ro code  0x0800235c   0x1f4  stm32f1xx_hal_gpio.o [1]
  .text              ro code  0x08002550    0x1e  stm32f1xx_hal.o [1]
  .text              ro code  0x08002570   0x4de  stm32f1xx_hal_rcc.o [1]
  .text              ro code  0x08002a50    0xe8  stm32f1xx_hal_rcc_ex.o [1]
  .text              ro code  0x08002b38    0x28  stm32f1xx_hal.o [1]
  .text              ro code  0x08002b60    0x8c  stm32f1xx_hal_msp.o [1]
  .text              ro code  0x08002bec    0x4a  stm32f1xx_hal_tim_ex.o [1]
  .text              ro code  0x08002c38   0x380  stm32f1xx_hal_uart.o [1]
  .text              ro code  0x08002fb8   0x35c  stm32f1xx_hal_dma.o [1]
  .text              ro code  0x08003314   0x35c  stm32f1xx_hal_adc.o [1]
  .text              ro code  0x08003670   0x204  usbd_cdc.o [1]
  .text              ro code  0x08003874     0x2  stm32f1xx_hal_tim.o [1]
  .text              ro code  0x08003876     0x2  stm32f1xx_hal_tim.o [1]
  .text              ro code  0x08003878     0x2  stm32f1xx_hal_tim_ex.o [1]
  .text              ro code  0x0800387a     0x2  stm32f1xx_hal_tim.o [1]
  .text              ro code  0x0800387c     0x2  stm32f1xx_hal_tim_ex.o [1]
  .text              ro code  0x0800387e     0x2  stm32f1xx_hal_tim.o [1]
  .text              ro code  0x08003880     0xc  stm32f1xx_hal.o [1]
  .text              ro code  0x0800388c     0x2  stm32f1xx_hal_uart.o [1]
  .text              ro code  0x0800388e     0x2  stm32f1xx_hal_uart.o [1]
  .text              ro code  0x08003890     0x2  stm32f1xx_hal_uart.o [1]
  .text              ro code  0x08003894     0x2  stm32f1xx_hal_adc_ex.o [1]
  .text              ro code  0x08003896     0x2  stm32f1xx_hal_adc.o [1]
  .text              ro code  0x08003898    0xc0  usbd_desc.o [1]
  .text              ro code  0x08003958    0x8a  stm32f1xx_it.o [1]
  .text              ro code  0x080039e4    0x10  stm32f1xx_hal.o [1]
  .text              ro code  0x080039f4    0x5c  system_stm32f1xx.o [1]
  .text              ro code  0x08003a50    0x44  usbd_cdc_if.o [1]
  .text              ro code  0x08003a94    0x40  zero_init3.o [4]
  .text              ro code  0x08003ad4    0x28  data_init.o [4]
  .iar.init_table    const    0x08003afc    0x20  - Linker created -
  .text              ro code  0x08003b1c    0x1e  cmain.o [4]
  .text              ro code  0x08003b3a     0x4  low_level_init.o [3]
  .text              ro code  0x08003b3e     0x4  exit.o [3]
  .text              ro code  0x08003b44     0xa  cexit.o [4]
  .text              ro code  0x08003b50    0x14  exit.o [5]
  .text              ro code  0x08003b64    0x10  startup_stm32f103xe.o [1]
  .text              ro code  0x08003b74     0xc  cstartup_M.o [4]
  .rodata            const    0x08003b80     0x8  system_stm32f1xx.o [1]
  .text              ro code  0x08003b88     0x4  startup_stm32f103xe.o [1]
  .text              ro code  0x08003b8c     0x4  startup_stm32f103xe.o [1]
  .text              ro code  0x08003b90     0x4  startup_stm32f103xe.o [1]
  .text              ro code  0x08003b94     0x4  startup_stm32f103xe.o [1]
  .text              ro code  0x08003b98     0x4  startup_stm32f103xe.o [1]
  .text              ro code  0x08003b9c     0x4  startup_stm32f103xe.o [1]
  .text              ro code  0x08003ba0     0x4  startup_stm32f103xe.o [1]
  .text              ro code  0x08003ba4     0x4  startup_stm32f103xe.o [1]
  .text              ro code  0x08003ba8     0x4  startup_stm32f103xe.o [1]
  .text              ro code  0x08003bac     0x4  startup_stm32f103xe.o [1]
  .text              ro code  0x08003bb0     0x4  startup_stm32f103xe.o [1]
  .text              ro code  0x08003bb4     0x4  startup_stm32f103xe.o [1]
  .text              ro code  0x08003bb8     0x4  startup_stm32f103xe.o [1]
  .text              ro code  0x08003bbc     0x4  startup_stm32f103xe.o [1]
  .text              ro code  0x08003bc0     0x4  startup_stm32f103xe.o [1]
  .text              ro code  0x08003bc4     0x4  startup_stm32f103xe.o [1]
  .text              ro code  0x08003bc8     0x4  startup_stm32f103xe.o [1]
  .text              ro code  0x08003bcc     0x4  startup_stm32f103xe.o [1]
  .text              ro code  0x08003bd0     0x4  startup_stm32f103xe.o [1]
  .text              ro code  0x08003bd4     0x4  startup_stm32f103xe.o [1]
  .text              ro code  0x08003bd8     0x4  startup_stm32f103xe.o [1]
  .text              ro code  0x08003bdc     0x4  startup_stm32f103xe.o [1]
  .text              ro code  0x08003be0     0x4  startup_stm32f103xe.o [1]
  .text              ro code  0x08003be4     0x4  startup_stm32f103xe.o [1]
  .text              ro code  0x08003be8     0x4  startup_stm32f103xe.o [1]
  .text              ro code  0x08003bec     0x4  startup_stm32f103xe.o [1]
  .text              ro code  0x08003bf0     0x4  startup_stm32f103xe.o [1]
  .text              ro code  0x08003bf4     0x4  startup_stm32f103xe.o [1]
  .text              ro code  0x08003bf8     0x4  startup_stm32f103xe.o [1]
  .text              ro code  0x08003bfc     0x4  startup_stm32f103xe.o [1]
  .text              ro code  0x08003c00     0x4  startup_stm32f103xe.o [1]
  .text              ro code  0x08003c04     0x4  startup_stm32f103xe.o [1]
  .text              ro code  0x08003c08     0x4  startup_stm32f103xe.o [1]
  .text              ro code  0x08003c0c     0x4  startup_stm32f103xe.o [1]
  .text              ro code  0x08003c10     0x4  startup_stm32f103xe.o [1]
  .text              ro code  0x08003c14     0x4  startup_stm32f103xe.o [1]
  .text              ro code  0x08003c18     0x4  startup_stm32f103xe.o [1]
  .text              ro code  0x08003c1c     0x4  startup_stm32f103xe.o [1]
  .text              ro code  0x08003c20     0x4  startup_stm32f103xe.o [1]
  .text              ro code  0x08003c24     0x4  startup_stm32f103xe.o [1]
  .text              ro code  0x08003c28     0x4  startup_stm32f103xe.o [1]
  .text              ro code  0x08003c2c     0x4  startup_stm32f103xe.o [1]
  .text              ro code  0x08003c30     0x4  startup_stm32f103xe.o [1]
  .text              ro code  0x08003c34     0x4  startup_stm32f103xe.o [1]
  .text              ro code  0x08003c38     0x4  startup_stm32f103xe.o [1]
  .text              ro code  0x08003c3c     0x4  startup_stm32f103xe.o [1]
  .text              ro code  0x08003c40     0x4  startup_stm32f103xe.o [1]
  .text              ro code  0x08003c44     0x4  startup_stm32f103xe.o [1]
  .text              ro code  0x08003c48     0x4  startup_stm32f103xe.o [1]
  .text              ro code  0x08003c4c     0x4  startup_stm32f103xe.o [1]
  .text              ro code  0x08003c50     0x4  startup_stm32f103xe.o [1]
  .text              ro code  0x08003c54     0x4  startup_stm32f103xe.o [1]
  .rodata            const    0x08003c58     0x0  zero_init3.o [4]
  .rodata            const    0x08003c58     0x0  lz77_init_single.o [4]
  Initializer bytes  const    0x08003c58    0xcd  <for P2-1>
                            - 0x08003d25  0x3bf5

"P2", part 1 of 3:                         0x158
  P2-1                        0x20000000   0x158  <Init block>
    .data            inited   0x20000000     0x4  system_stm32f1xx.o [1]
    .data            inited   0x20000004     0xc  usbd_cdc.o [1]
    .data            inited   0x20000010    0x38  usbd_cdc.o [1]
    .data            inited   0x20000048    0x44  usbd_cdc.o [1]
    .data            inited   0x2000008c    0x44  usbd_cdc.o [1]
    .data            inited   0x200000d0    0x44  usbd_cdc.o [1]
    .data            inited   0x20000114    0x10  usbd_cdc_if.o [1]
    .data            inited   0x20000124    0x1c  usbd_desc.o [1]
    .data            inited   0x20000140    0x14  usbd_desc.o [1]
    .data            inited   0x20000154     0x4  usbd_desc.o [1]
                            - 0x20000158   0x158

"P2", part 2 of 3:                        0x1c30
  .bss               zero     0x20000158  0x1000  usbd_cdc_if.o [1]
  .bss               zero     0x20001158   0x460  usbd_conf.o [1]
  .bss               zero     0x200015b8   0x224  usb_device.o [1]
  .bss               zero     0x200017dc   0x220  usbd_conf.o [1]
  .bss               zero     0x200019fc   0x200  usbd_desc.o [1]
  .bss               zero     0x20001bfc    0x88  usart.o [1]
  .bss               zero     0x20001c84    0x44  adc.o [1]
  .bss               zero     0x20001cc8    0x40  tim.o [1]
  .bss               zero     0x20001d08    0x40  usart.o [1]
  .bss               zero     0x20001d48    0x30  adc.o [1]
  .bss               zero     0x20001d78     0x8  main.o [1]
  .bss               zero     0x20001d80     0x4  stm32f1xx_hal.o [1]
  .bss               zero     0x20001d84     0x1  usbd_cdc.o [1]
  .bss               zero     0x20001d85     0x1  usbd_ctlreq.o [1]
                            - 0x20001d86  0x1c2e

"P2", part 3 of 3:                         0x400
  CSTACK                      0x20001d88   0x400  <Block>
    CSTACK           uninit   0x20001d88   0x400  <Block tail>
                            - 0x20002188   0x400


*******************************************************************************
*** INIT TABLE
***

          Address     Size
          -------     ----
Zero (__iar_zero_init3)
    1 destination range, total size 0x1c2e:
          0x20000158  0x1c2e

Copy/lz77 (__iar_lz77_init_single3)
    1 source range, total size 0xcd (59% of destination):
          0x08003c58    0xcd
    1 destination range, total size 0x158:
          0x20000000   0x158



*******************************************************************************
*** MODULE SUMMARY
***

    Module                  ro code  ro data  rw data
    ------                  -------  -------  -------
E:\Users\17657\Documents\GitHub\DoorCtrl\DoorOpenClose\EWARM\DoorOpenClose\Obj: [1]
    adc.o                       332               116
    dma.o                        32
    gpio.o                      344
    main.o                      470                 8
    startup_stm32f103xe.o       528
    stm32f1xx_hal.o             134                 4
    stm32f1xx_hal_adc.o         862
    stm32f1xx_hal_adc_ex.o        2
    stm32f1xx_hal_cortex.o      230
    stm32f1xx_hal_dma.o         860
    stm32f1xx_hal_gpio.o        500
    stm32f1xx_hal_msp.o         140
    stm32f1xx_hal_pcd.o       1 714
    stm32f1xx_hal_pcd_ex.o       48
    stm32f1xx_hal_rcc.o       1 246
    stm32f1xx_hal_rcc_ex.o      232
    stm32f1xx_hal_tim.o         884
    stm32f1xx_hal_tim_ex.o       78
    stm32f1xx_hal_uart.o        902
    stm32f1xx_it.o              138
    stm32f1xx_ll_usb.o        1 570
    system_stm32f1xx.o           92       10        4
    tim.o                       216                64
    usart.o                     340               200
    usb_device.o                 56               548
    usbd_cdc.o                  516      162      273
    usbd_cdc_if.o                68       10    4 112
    usbd_conf.o                 632             1 664
    usbd_core.o                 552
    usbd_ctlreq.o               938                 1
    usbd_desc.o                 192       30      564
    usbd_ioreq.o                 96
    -------------------------------------------------
    Total:                   14 944      212    7 558

command line: [2]
    -------------------------------------------------
    Total:

dl7M_tlf.a: [3]
    exit.o                        4
    low_level_init.o              4
    -------------------------------------------------
    Total:                        8

rt7M_tl.a: [4]
    ABImemcpy.o                 134
    cexit.o                      10
    cmain.o                      30
    cstartup_M.o                 12
    data_init.o                  40
    lz77_init_single.o          122
    zero_init3.o                 64
    -------------------------------------------------
    Total:                      412

shb_l.a: [5]
    exit.o                       20
    -------------------------------------------------
    Total:                       20

    Gaps                         24
    Linker created                        33    1 024
-----------------------------------------------------
    Grand Total:             15 408      245    8 582


*******************************************************************************
*** ENTRY LIST
***

Entry                      Address   Size  Type      Object
-----                      -------   ----  ----      ------
.iar.init_table$$Base   0x08003afc          --   Gb  - Linker created -
.iar.init_table$$Limit  0x08003b1c          --   Gb  - Linker created -
?main                   0x08003b1d         Code  Gb  cmain.o [4]
ADC1_2_IRQHandler       0x08003989    0x6  Code  Gb  stm32f1xx_it.o [1]
ADC_ConversionStop_Disable
                        0x0800362d   0x44  Code  Gb  stm32f1xx_hal_adc.o [1]
AHBPrescTable           0x08003a40   0x10  Data  Gb  system_stm32f1xx.o [1]
APBPrescTable           0x08003b80    0x8  Data  Gb  system_stm32f1xx.o [1]
BSP_Motor_Init          0x08001a97   0x2e  Code  Gb  gpio.o [1]
BSP_Motor_Running       0x08001ac5   0x30  Code  Gb  gpio.o [1]
BSP_Motor_Stop          0x08001afd   0x1c  Code  Gb  gpio.o [1]
BusFault_Handler        0x0800395f    0x2  Code  Gb  stm32f1xx_it.o [1]
CDC_Control_FS          0x08003a73    0x4  Code  Lc  usbd_cdc_if.o [1]
CDC_DeInit_FS           0x08003a6f    0x4  Code  Lc  usbd_cdc_if.o [1]
CDC_Init_FS             0x08003a51   0x1e  Code  Lc  usbd_cdc_if.o [1]
CDC_Receive_FS          0x08003a77   0x16  Code  Lc  usbd_cdc_if.o [1]
CSTACK$$Base            0x20001d88          --   Gb  - Linker created -
CSTACK$$Limit           0x20002188          --   Gb  - Linker created -
DMA1_Channel1_IRQHandler
                        0x08003977    0x6  Code  Gb  stm32f1xx_it.o [1]
DMA1_Channel4_IRQHandler
                        0x0800397d    0x6  Code  Gb  stm32f1xx_it.o [1]
DMA1_Channel5_IRQHandler
                        0x08003983    0x6  Code  Gb  stm32f1xx_it.o [1]
DebugMon_Handler        0x08003965    0x2  Code  Gb  stm32f1xx_it.o [1]
EXTI15_10_IRQHandler    0x080039bd   0x26  Code  Gb  stm32f1xx_it.o [1]
FS_Desc                 0x20000124   0x1c  Data  Gb  usbd_desc.o [1]
HAL_ADCEx_InjectedConvCpltCallback
                        0x08003895    0x2  Code  Wk  stm32f1xx_hal_adc_ex.o [1]
HAL_ADC_ConfigChannel   0x08003515   0xe4  Code  Gb  stm32f1xx_hal_adc.o [1]
HAL_ADC_ConvCpltCallback
                        0x0800157b    0x2  Code  Gb  main.o [1]
HAL_ADC_IRQHandler      0x08003425   0xd8  Code  Gb  stm32f1xx_hal_adc.o [1]
HAL_ADC_Init            0x08003315  0x110  Code  Gb  stm32f1xx_hal_adc.o [1]
HAL_ADC_MspInit         0x08001e07   0x6e  Code  Gb  adc.o [1]
HAL_DMA_Abort_IT        0x0800303f   0xdc  Code  Gb  stm32f1xx_hal_dma.o [1]
HAL_DMA_IRQHandler      0x0800311b  0x1b4  Code  Gb  stm32f1xx_hal_dma.o [1]
HAL_DMA_Init            0x08002fb9   0x78  Code  Gb  stm32f1xx_hal_dma.o [1]
HAL_Delay               0x08002551   0x1e  Code  Wk  stm32f1xx_hal.o [1]
HAL_GPIO_EXTI_Callback  0x0800152f   0x38  Code  Gb  main.o [1]
HAL_GPIO_EXTI_IRQHandler
                        0x080024ff   0x10  Code  Gb  stm32f1xx_hal_gpio.o [1]
HAL_GPIO_Init           0x0800235d  0x196  Code  Gb  stm32f1xx_hal_gpio.o [1]
HAL_GPIO_WritePin       0x080024f3    0xc  Code  Gb  stm32f1xx_hal_gpio.o [1]
HAL_GetTick             0x08003881    0xc  Code  Wk  stm32f1xx_hal.o [1]
HAL_IncTick             0x080039e5   0x10  Code  Wk  stm32f1xx_hal.o [1]
HAL_Init                0x080019bd   0x20  Code  Gb  stm32f1xx_hal.o [1]
HAL_InitTick            0x08002b39   0x28  Code  Wk  stm32f1xx_hal.o [1]
HAL_MspInit             0x08002b61   0x8c  Code  Gb  stm32f1xx_hal_msp.o [1]
HAL_NVIC_EnableIRQ      0x08001f7b    0xa  Code  Gb  stm32f1xx_hal_cortex.o [1]
HAL_NVIC_SetPriority    0x08001f41   0x3a  Code  Gb  stm32f1xx_hal_cortex.o [1]
HAL_NVIC_SetPriorityGrouping
                        0x08001f27   0x1a  Code  Gb  stm32f1xx_hal_cortex.o [1]
HAL_PCDEx_PMAConfig     0x0800157f   0x30  Code  Gb  stm32f1xx_hal_pcd_ex.o [1]
HAL_PCDEx_SetConnectionState
                        0x08000a8b    0x2  Code  Gb  usbd_conf.o [1]
HAL_PCD_DataInStageCallback
                        0x0800089b    0xe  Code  Gb  usbd_conf.o [1]
HAL_PCD_DataOutStageCallback
                        0x0800088b   0x10  Code  Gb  usbd_conf.o [1]
HAL_PCD_EP_Close        0x08000379   0x30  Code  Gb  stm32f1xx_hal_pcd.o [1]
HAL_PCD_EP_ClrStall     0x08000475   0x42  Code  Gb  stm32f1xx_hal_pcd.o [1]
HAL_PCD_EP_GetRxCount   0x080003d9   0x10  Code  Gb  stm32f1xx_hal_pcd.o [1]
HAL_PCD_EP_Open         0x08000345   0x34  Code  Gb  stm32f1xx_hal_pcd.o [1]
HAL_PCD_EP_Receive      0x080003c1   0x18  Code  Gb  stm32f1xx_hal_pcd.o [1]
HAL_PCD_EP_SetStall     0x0800041b   0x5a  Code  Gb  stm32f1xx_hal_pcd.o [1]
HAL_PCD_EP_Transmit     0x080003e9   0x18  Code  Gb  stm32f1xx_hal_pcd.o [1]
HAL_PCD_IRQHandler      0x080001f9   0xfa  Code  Gb  stm32f1xx_hal_pcd.o [1]
HAL_PCD_Init            0x08000131   0xa0  Code  Gb  stm32f1xx_hal_pcd.o [1]
HAL_PCD_MspInit         0x0800085d   0x22  Code  Gb  usbd_conf.o [1]
HAL_PCD_ResetCallback   0x080008b1   0x1a  Code  Gb  usbd_conf.o [1]
HAL_PCD_ResumeCallback  0x080008e7    0x8  Code  Gb  usbd_conf.o [1]
HAL_PCD_SOFCallback     0x080008a9    0x8  Code  Gb  usbd_conf.o [1]
HAL_PCD_SetAddress      0x08000327   0x1e  Code  Gb  stm32f1xx_hal_pcd.o [1]
HAL_PCD_SetupStageCallback
                        0x0800087f    0xc  Code  Gb  usbd_conf.o [1]
HAL_PCD_Start           0x080001db   0x1e  Code  Gb  stm32f1xx_hal_pcd.o [1]
HAL_PCD_SuspendCallback
                        0x080008cb   0x1c  Code  Gb  usbd_conf.o [1]
HAL_RCCEx_PeriphCLKConfig
                        0x08002a51   0xda  Code  Gb  stm32f1xx_hal_rcc_ex.o [1]
HAL_RCC_ClockConfig     0x0800288d  0x10c  Code  Gb  stm32f1xx_hal_rcc.o [1]
HAL_RCC_GetHCLKFreq     0x080029e7    0x6  Code  Gb  stm32f1xx_hal_rcc.o [1]
HAL_RCC_GetPCLK1Freq    0x080029ed   0x10  Code  Gb  stm32f1xx_hal_rcc.o [1]
HAL_RCC_GetPCLK2Freq    0x080029fd    0xe  Code  Gb  stm32f1xx_hal_rcc.o [1]
HAL_RCC_GetSysClockFreq
                        0x080029ad   0x3a  Code  Gb  stm32f1xx_hal_rcc.o [1]
HAL_RCC_GetSysClockFreq::aPLLMULFactorTable
                        0x08002a3c   0x10  Data  Lc  stm32f1xx_hal_rcc.o [1]
HAL_RCC_GetSysClockFreq::aPredivFactorTable
                        0x08002a4c    0x2  Data  Lc  stm32f1xx_hal_rcc.o [1]
HAL_RCC_OscConfig       0x08002571  0x314  Code  Gb  stm32f1xx_hal_rcc.o [1]
HAL_SYSTICK_CLKSourceConfig
                        0x08001fb7   0x1a  Code  Gb  stm32f1xx_hal_cortex.o [1]
HAL_SYSTICK_Config      0x08001f8f   0x28  Code  Gb  stm32f1xx_hal_cortex.o [1]
HAL_SYSTICK_IRQHandler  0x08001fe9    0x4  Code  Gb  stm32f1xx_hal_cortex.o [1]
HAL_TIMEx_BreakCallback
                        0x08003879    0x2  Code  Wk  stm32f1xx_hal_tim_ex.o [1]
HAL_TIMEx_CommutationCallback
                        0x0800387d    0x2  Code  Wk  stm32f1xx_hal_tim_ex.o [1]
HAL_TIMEx_MasterConfigSynchronization
                        0x08002bed   0x4a  Code  Gb  stm32f1xx_hal_tim_ex.o [1]
HAL_TIM_Base_Init       0x08001ff1   0x1a  Code  Gb  stm32f1xx_hal_tim.o [1]
HAL_TIM_Base_MspInit    0x08001bbf   0x22  Code  Gb  tim.o [1]
HAL_TIM_Base_Start_IT   0x0800200b   0x16  Code  Gb  stm32f1xx_hal_tim.o [1]
HAL_TIM_ConfigClockSource
                        0x0800218d   0xac  Code  Gb  stm32f1xx_hal_tim.o [1]
HAL_TIM_IRQHandler      0x08002045  0x142  Code  Gb  stm32f1xx_hal_tim.o [1]
HAL_TIM_PeriodElapsedCallback
                        0x08001579    0x2  Code  Gb  main.o [1]
HAL_UART_IRQHandler     0x08002cbd  0x152  Code  Gb  stm32f1xx_hal_uart.o [1]
HAL_UART_Init           0x08002c39   0x1e  Code  Gb  stm32f1xx_hal_uart.o [1]
HAL_UART_MspInit        0x08001c67   0xc2  Code  Gb  usart.o [1]
HardFault_Handler       0x0800395b    0x2  Code  Gb  stm32f1xx_it.o [1]
MX_ADC1_Init            0x08001d85   0x70  Code  Gb  adc.o [1]
MX_DMA_Init             0x08001b39   0x20  Code  Gb  dma.o [1]
MX_GPIO_Init            0x080019e1   0x9c  Code  Gb  gpio.o [1]
MX_TIM4_Init            0x08001b59   0x66  Code  Gb  tim.o [1]
MX_USART1_UART_Init     0x08001c31   0x36  Code  Gb  usart.o [1]
MX_USB_DEVICE_Init      0x08001ed1   0x38  Code  Gb  usb_device.o [1]
MemManage_Handler       0x0800395d    0x2  Code  Gb  stm32f1xx_it.o [1]
NMI_Handler             0x08003959    0x2  Code  Gb  stm32f1xx_it.o [1]
NVIC_SetPriority        0x08001f09   0x1e  Code  Lc  stm32f1xx_hal_cortex.o [1]
PCD_EP_ISR_Handler      0x080004bf  0x2e8  Code  Lc  stm32f1xx_hal_pcd.o [1]
PendSV_Handler          0x08003967    0x2  Code  Gb  stm32f1xx_it.o [1]
Region$$Table$$Base     0x08003afc          --   Gb  - Linker created -
Region$$Table$$Limit    0x08003b1c          --   Gb  - Linker created -
SVC_Handler             0x08003963    0x2  Code  Gb  stm32f1xx_it.o [1]
SysTick_Handler         0x08003969    0xe  Code  Gb  stm32f1xx_it.o [1]
SystemClock_Config      0x080014a3   0x8c  Code  Gb  main.o [1]
SystemCoreClock         0x20000000    0x4  Data  Gb  system_stm32f1xx.o [1]
SystemInit              0x080039f5   0x3a  Code  Gb  system_stm32f1xx.o [1]
TIM4_IRQHandler         0x08003995    0x6  Code  Gb  stm32f1xx_it.o [1]
TIM_Base_SetConfig      0x08002263   0x74  Code  Gb  stm32f1xx_hal_tim.o [1]
TIM_ETR_SetConfig       0x08002343   0x14  Code  Lc  stm32f1xx_hal_tim.o [1]
TIM_ITRx_SetConfig      0x08002333   0x10  Code  Lc  stm32f1xx_hal_tim.o [1]
TIM_TI1_ConfigInputStage
                        0x080022f1   0x1e  Code  Lc  stm32f1xx_hal_tim.o [1]
TIM_TI2_ConfigInputStage
                        0x0800230f   0x24  Code  Lc  stm32f1xx_hal_tim.o [1]
UART_DMAAbortOnError    0x08002e2d    0xc  Code  Lc  stm32f1xx_hal_uart.o [1]
UART_EndRxTransfer      0x08002e0f   0x1c  Code  Lc  stm32f1xx_hal_uart.o [1]
UART_Receive_IT         0x08002e39   0x96  Code  Lc  stm32f1xx_hal_uart.o [1]
UART_SetConfig          0x08002ecf   0xde  Code  Lc  stm32f1xx_hal_uart.o [1]
USART1_IRQHandler       0x0800399b    0x6  Code  Gb  stm32f1xx_it.o [1]
USBD_CDC                0x20000010   0x38  Data  Gb  usbd_cdc.o [1]
USBD_CDC_CfgFSDesc      0x2000008c   0x44  Data  Gb  usbd_cdc.o [1]
USBD_CDC_CfgHSDesc      0x20000048   0x44  Data  Gb  usbd_cdc.o [1]
USBD_CDC_DataIn         0x0800378b   0x14  Code  Lc  usbd_cdc.o [1]
USBD_CDC_DataOut        0x0800379f   0x2a  Code  Lc  usbd_cdc.o [1]
USBD_CDC_DeInit         0x080036ef   0x36  Code  Lc  usbd_cdc.o [1]
USBD_CDC_DeviceQualifierDesc
                        0x20000004    0xc  Data  Lc  usbd_cdc.o [1]
USBD_CDC_EP0_RxReady    0x080037c9   0x26  Code  Lc  usbd_cdc.o [1]
USBD_CDC_GetDeviceQualifierDescriptor
                        0x08003807    0x8  Code  Gb  usbd_cdc.o [1]
USBD_CDC_GetFSCfgDesc   0x080037ef    0x8  Code  Lc  usbd_cdc.o [1]
USBD_CDC_GetHSCfgDesc   0x080037f7    0x8  Code  Lc  usbd_cdc.o [1]
USBD_CDC_GetOtherSpeedCfgDesc
                        0x080037ff    0x8  Code  Lc  usbd_cdc.o [1]
USBD_CDC_Init           0x08003671   0x74  Code  Lc  usbd_cdc.o [1]
USBD_CDC_OtherSpeedCfgDesc
                        0x200000d0   0x44  Data  Gb  usbd_cdc.o [1]
USBD_CDC_ReceivePacket  0x0800384f   0x26  Code  Gb  usbd_cdc.o [1]
USBD_CDC_RegisterInterface
                        0x08003825    0xe  Code  Gb  usbd_cdc.o [1]
USBD_CDC_SetRxBuffer    0x08003843    0xc  Code  Gb  usbd_cdc.o [1]
USBD_CDC_SetTxBuffer    0x08003833   0x10  Code  Gb  usbd_cdc.o [1]
USBD_CDC_Setup          0x08003725   0x66  Code  Lc  usbd_cdc.o [1]
USBD_CDC_Setup::ifalt   0x20001d84    0x1  Data  Lc  usbd_cdc.o [1]
USBD_ClrClassConfig     0x080011d5    0xa  Code  Gb  usbd_core.o [1]
USBD_CtlContinueRx      0x0800198f    0x4  Code  Gb  usbd_ioreq.o [1]
USBD_CtlContinueSendData
                        0x0800196b    0x4  Code  Gb  usbd_ioreq.o [1]
USBD_CtlError           0x080018ff   0x16  Code  Gb  usbd_ctlreq.o [1]
USBD_CtlPrepareRx       0x0800197b   0x14  Code  Gb  usbd_ioreq.o [1]
USBD_CtlReceiveStatus   0x080019ad    0xe  Code  Gb  usbd_ioreq.o [1]
USBD_CtlSendData        0x0800195b   0x10  Code  Gb  usbd_ioreq.o [1]
USBD_CtlSendStatus      0x0800199f    0xe  Code  Gb  usbd_ioreq.o [1]
USBD_FS_ConfigStrDescriptor
                        0x080038e9    0xc  Code  Gb  usbd_desc.o [1]
USBD_FS_DeviceDesc      0x20000140   0x14  Data  Gb  usbd_desc.o [1]
USBD_FS_DeviceDescriptor
                        0x08003899    0x8  Code  Gb  usbd_desc.o [1]
USBD_FS_InterfaceStrDescriptor
                        0x080038f5    0xc  Code  Gb  usbd_desc.o [1]
USBD_FS_LangIDStrDescriptor
                        0x080038a1    0x8  Code  Gb  usbd_desc.o [1]
USBD_FS_ManufacturerStrDescriptor
                        0x080038b5    0xa  Code  Gb  usbd_desc.o [1]
USBD_FS_ProductStrDescriptor
                        0x080038a9    0xc  Code  Gb  usbd_desc.o [1]
USBD_FS_SerialStrDescriptor
                        0x080038c9    0xc  Code  Gb  usbd_desc.o [1]
USBD_GetDescriptor      0x080017e1   0xf0  Code  Lc  usbd_ctlreq.o [1]
USBD_GetString          0x08001915   0x46  Code  Gb  usbd_ctlreq.o [1]
USBD_Init               0x0800117f   0x26  Code  Gb  usbd_core.o [1]
USBD_Interface_fops_FS  0x20000114   0x10  Data  Gb  usbd_cdc_if.o [1]
USBD_LL_ClearStallEP    0x080009e3   0x1a  Code  Gb  usbd_conf.o [1]
USBD_LL_CloseEP         0x080009af   0x1a  Code  Gb  usbd_conf.o [1]
USBD_LL_DataInStage     0x08001297   0x94  Code  Gb  usbd_core.o [1]
USBD_LL_DataOutStage    0x08001235   0x62  Code  Gb  usbd_core.o [1]
USBD_LL_GetRxDataSize   0x08000a69    0x8  Code  Gb  usbd_conf.o [1]
USBD_LL_Init            0x080008ef   0x86  Code  Gb  usbd_conf.o [1]
USBD_LL_IsStallEP       0x080009fd   0x1e  Code  Gb  usbd_conf.o [1]
USBD_LL_OpenEP          0x0800098f   0x20  Code  Gb  usbd_conf.o [1]
USBD_LL_PrepareReceive  0x08000a4f   0x1a  Code  Gb  usbd_conf.o [1]
USBD_LL_Reset           0x0800132b   0x40  Code  Gb  usbd_core.o [1]
USBD_LL_Resume          0x0800137d    0x6  Code  Gb  usbd_core.o [1]
USBD_LL_SOF             0x08001389   0x18  Code  Gb  usbd_core.o [1]
USBD_LL_SetSpeed        0x0800136b    0x6  Code  Gb  usbd_core.o [1]
USBD_LL_SetUSBAddress   0x08000a1b   0x1a  Code  Gb  usbd_conf.o [1]
USBD_LL_SetupStage      0x080011df   0x56  Code  Gb  usbd_core.o [1]
USBD_LL_StallEP         0x080009c9   0x1a  Code  Gb  usbd_conf.o [1]
USBD_LL_Start           0x08000975   0x1a  Code  Gb  usbd_conf.o [1]
USBD_LL_Suspend         0x08001371    0xc  Code  Gb  usbd_core.o [1]
USBD_LL_Transmit        0x08000a35   0x1a  Code  Gb  usbd_conf.o [1]
USBD_LangIDDesc         0x20000154    0x4  Data  Gb  usbd_desc.o [1]
USBD_ParseSetupRequest  0x080018d7   0x28  Code  Gb  usbd_ctlreq.o [1]
USBD_RegisterClass      0x080011a5   0x10  Code  Gb  usbd_core.o [1]
USBD_SetClassConfig     0x080011bf   0x16  Code  Gb  usbd_core.o [1]
USBD_SetConfig::cfgidx  0x20001d85    0x1  Data  Lc  usbd_ctlreq.o [1]
USBD_Start              0x080011b5    0xa  Code  Gb  usbd_core.o [1]
USBD_StdDevReq          0x080015b1  0x12a  Code  Gb  usbd_ctlreq.o [1]
USBD_StdEPReq           0x08001719   0xbc  Code  Gb  usbd_ctlreq.o [1]
USBD_StdItfReq          0x080016e1   0x32  Code  Gb  usbd_ctlreq.o [1]
USBD_StrDesc            0x200019fc  0x200  Data  Gb  usbd_desc.o [1]
USBD_static_free        0x08000a89    0x2  Code  Gb  usbd_conf.o [1]
USBD_static_malloc      0x08000a71    0x4  Code  Gb  usbd_conf.o [1]
USBD_static_malloc::mem
                        0x200017dc  0x220  Data  Lc  usbd_conf.o [1]
USB_ActivateEndpoint    0x08000b11  0x206  Code  Gb  stm32f1xx_ll_usb.o [1]
USB_CoreInit            0x08000ad5    0x4  Code  Gb  stm32f1xx_ll_usb.o [1]
USB_DeactivateEndpoint  0x08000d45   0xd0  Code  Gb  stm32f1xx_ll_usb.o [1]
USB_DevConnect          0x08001093    0x4  Code  Gb  stm32f1xx_ll_usb.o [1]
USB_DevDisconnect       0x08001097    0x4  Code  Gb  stm32f1xx_ll_usb.o [1]
USB_DevInit             0x08000af1   0x18  Code  Gb  stm32f1xx_ll_usb.o [1]
USB_DisableGlobalInt    0x08000ae3    0xa  Code  Gb  stm32f1xx_ll_usb.o [1]
USB_EP0_OutStart        0x080010a1    0x4  Code  Gb  stm32f1xx_ll_usb.o [1]
USB_EPClearStall        0x08001017   0x70  Code  Gb  stm32f1xx_ll_usb.o [1]
USB_EPSetStall          0x08000fcd   0x4a  Code  Gb  stm32f1xx_ll_usb.o [1]
USB_EPStartXfer         0x08000e43  0x152  Code  Gb  stm32f1xx_ll_usb.o [1]
USB_EnableGlobalInt     0x08000ad9    0xa  Code  Gb  stm32f1xx_ll_usb.o [1]
USB_LP_CAN1_RX0_IRQHandler
                        0x0800398f    0x6  Code  Gb  stm32f1xx_it.o [1]
USB_ReadInterrupts      0x0800109b    0x6  Code  Gb  stm32f1xx_ll_usb.o [1]
USB_ReadPMA             0x080010db   0x1c  Code  Gb  stm32f1xx_ll_usb.o [1]
USB_SetCurrentMode      0x08000aed    0x4  Code  Gb  stm32f1xx_ll_usb.o [1]
USB_SetDevAddress       0x08001087    0xc  Code  Gb  stm32f1xx_ll_usb.o [1]
USB_WritePMA            0x080010b7   0x24  Code  Gb  stm32f1xx_ll_usb.o [1]
UsageFault_Handler      0x08003961    0x2  Code  Gb  stm32f1xx_it.o [1]
UserRxBufferFS          0x20000158  0x800  Data  Gb  usbd_cdc_if.o [1]
UserTxBufferFS          0x20000958  0x800  Data  Gb  usbd_cdc_if.o [1]
_Error_Handler          0x0800157d    0x2  Code  Gb  main.o [1]
__aeabi_memcpy4         0x080010f9         Code  Gb  ABImemcpy.o [4]
__aeabi_memcpy8         0x080010f9         Code  Gb  ABImemcpy.o [4]
__cmain                 0x08003b1d         Code  Gb  cmain.o [4]
__exit                  0x08003b51   0x14  Code  Gb  exit.o [5]
__iar_data_init3        0x08003ad5   0x28  Code  Gb  data_init.o [4]
__iar_lz77_init_single3
                        0x080007e3   0x7a  Code  Gb  lz77_init_single.o [4]
__iar_program_start     0x08003b75         Code  Gb  cstartup_M.o [4]
__iar_systems$$module {Abs}
                        0x00000001         Data  Gb  command line/config [2]
__iar_zero_init3        0x08003a95   0x40  Code  Gb  zero_init3.o [4]
__low_level_init        0x08003b3b    0x4  Code  Gb  low_level_init.o [3]
__vector_table          0x08000000         Data  Gb  startup_stm32f103xe.o [1]
_call_main              0x08003b29         Code  Gb  cmain.o [4]
_exit                   0x08003b45         Code  Gb  cexit.o [4]
_main                   0x08003b37         Code  Gb  cmain.o [4]
exit                    0x08003b3f    0x4  Code  Gb  exit.o [3]
gGateMachine            0x20001d78    0x8  Data  Gb  main.o [1]
hUsbDeviceFS            0x200015b8  0x224  Data  Gb  usb_device.o [1]
hadc1                   0x20001d48   0x30  Data  Gb  adc.o [1]
hdma_adc1               0x20001c84   0x44  Data  Gb  adc.o [1]
hdma_usart1_rx          0x20001bfc   0x44  Data  Gb  usart.o [1]
hdma_usart1_tx          0x20001c40   0x44  Data  Gb  usart.o [1]
hpcd_USB_FS             0x20001158  0x460  Data  Gb  usbd_conf.o [1]
htim4                   0x20001cc8   0x40  Data  Gb  tim.o [1]
huart1                  0x20001d08   0x40  Data  Gb  usart.o [1]
main                    0x080013a9   0xfa  Code  Gb  main.o [1]
uwTick                  0x20001d80    0x4  Data  Gb  stm32f1xx_hal.o [1]


[1] = E:\Users\17657\Documents\GitHub\DoorCtrl\DoorOpenClose\EWARM\DoorOpenClose\Obj
[2] = command line
[3] = dl7M_tlf.a
[4] = rt7M_tl.a
[5] = shb_l.a

  15 408 bytes of readonly  code memory
     245 bytes of readonly  data memory
   8 582 bytes of readwrite data memory

Errors: none
Warnings: none
